alameda: 3 matters sent, 3 records
baltimore: 14 matters sent, 0 records
boston: 1 matters sent, 2 records
columbus: 166 matters sent, 498 records
cupertino: 1 matters sent, 0 records
denver: 6 matters sent, 7 records
fresno: 21 matters sent, 108 records
hayward: 3 matters sent, 8 records
kansascity: 7 matters sent, 2 records
lacounty: 1 matters sent, 0 records
louisville: 2 matters sent, 0 records
mesa: 60 matters sent, 87 records
milwaukee: 65 matters sent, 137 records
mountainview: 0 matters sent, 0 records
newark: 25 matters sent, 28 records
oakland: 0 matters sent, 0 records
ocsd: 29 matters sent, 203 records
phoenix: 5 matters sent, 8 records
pittsburgh: 2 matters sent, 0 records
sacramento: 5 matters sent, 9 records
sanbernardino: 2 matters sent, 24 records
sanjose: 0 matters sent, 0 records
seattle: 8 matters sent, 0 records
stockton: 3 matters sent, 5 records
stpaul: 0 matters sent, 0 records
TOTAL 1051 records (78 duplicates dropped); tokens in=6,009,418 out=714,557
EXIT 0
